[36mvite v7.3.1 [32mbuilding client environment for production...[36m[39m
transforming...
[32mΓ£ô[39m 1028 modules transformed.
npx : [31mΓ£ù[39m Build failed in 2.07s
At line:1 char:1
+ npx vite build 2>&1 > build_output.txt
+ ~~~~~~~~~~~~~~~~~~~~~~~~~~~~~~~~~~~~~~
    + CategoryInfo          : NotSpecified: ([31mΓ£ù 
   [39m Build failed in 2.07s:String) [], RemoteExcep  
  tion
    + FullyQualifiedErrorId : NativeCommandError
 
[31merror during build:
[31mCould not resolve "../../contexts/FileContext" 
from "src/pages/StarredPage.jsx"[31m
file: [36mC:/Users/manoh/Downloads/Smart Cloud File 
Manager/src/pages/StarredPage.jsx[31m
    at getRollupError (file:///C:/Users/manoh/Downloads
/Smart%20Cloud%20File%20Manager/node_modules/rollup/dis
t/es/shared/parseAst.js:402:41)
    at error (file:///C:/Users/manoh/Downloads/Smart%20
Cloud%20File%20Manager/node_modules/rollup/dist/es/shar
ed/parseAst.js:398:42)
    at ModuleLoader.handleInvalidResolvedId (file:///C:
/Users/manoh/Downloads/Smart%20Cloud%20File%20Manager/n
ode_modules/rollup/dist/es/shared/node-entry.js:21687:2
4)
    at file:///C:/Users/manoh/Downloads/Smart%20Cloud%2
0File%20Manager/node_modules/rollup/dist/es/shared/node
-entry.js:21647:26[39m
